<?xml version="1.0" encoding="UTF-8"?>
<testsuites name="jest tests" tests="6" failures="0" errors="0" time="6.998">
  <testsuite name="LeaderBoard" errors="0" failures="0" skipped="0" timestamp="2024-05-27T17:18:00" time="4.28" tests="6">
    <testcase classname="LeaderBoard should render the table and buttons" name="LeaderBoard should render the table and buttons" time="0.099">
    </testcase>
    <testcase classname="LeaderBoard should Navigate to Correct Route on button click" name="LeaderBoard should Navigate to Correct Route on button click" time="0.195">
    </testcase>
    <testcase classname="LeaderBoard should Sort by Rank" name="LeaderBoard should Sort by Rank" time="0.108">
    </testcase>
    <testcase classname="LeaderBoard should Sort by Name" name="LeaderBoard should Sort by Name" time="0.149">
    </testcase>
    <testcase classname="LeaderBoard should Sort by Points" name="LeaderBoard should Sort by Points" time="0.119">
    </testcase>
    <testcase classname="LeaderBoard should Sort by Age" name="LeaderBoard should Sort by Age" time="0.071">
    </testcase>
  </testsuite>
</testsuites>